[2026-04-23T19:44:34+09:30] [pyside.py:13] <module>(): Using PySide6 code path.
[2026-04-23T19:44:34+09:30] [Util.py:102] SetValue(): Updating settings: ConfigVersion = v4.6
[2026-04-23T19:44:35+09:30] [LK_Device.py:243] TryConnect(): Trying to connect to /dev/ttyUSB0 at baud rate 1000000 (FlashGBX.hw_GBxCartRW)
[2026-04-23T19:44:35+09:30] [hw_GBxCartRW.py:93] LoadFirmwareVersion(): Querying firmware version
[2026-04-23T19:44:35+09:30] [hw_GBxCartRW.py:185] CheckActive(): Checking if device is active
[2026-04-23T19:44:35+09:30] [LK_Device.py:502] _get_fw_variable(): Getting firmware variable CART_MODE
[2026-04-23T19:44:35+09:30] [hw_GBxCartRW.py:175] ChangeBaudRate(): Changing baud rate to 1500000
[2026-04-23T19:44:35+09:30] [hw_GBxCartRW.py:58] Initialize(): Found a GBxCart RW
[2026-04-23T19:44:35+09:30] [hw_GBxCartRW.py:59] Initialize(): Firmware information: {'cfw_id': 'L', 'fw_ver': 14, 'pcb_ver': 6, 'fw_ts': 1747991884, 'fw_dt': '2025-05-23T18:48:04+09:30', 'ofw_ver': 42, 'pcb_name': 'GBxCart RW', 'cart_power_ctrl': True, 'bootloader_reset': False}
[2026-04-23T19:44:35+09:30] [hw_GBxCartRW.py:60] Initialize(): Baud rate: 1500000
[2026-04-23T19:44:35+09:30] [LK_Device.py:243] TryConnect(): Trying to connect to /dev/ttyUSB0 at baud rate 2000000 (FlashGBX.hw_GBFlash)
[2026-04-23T19:44:35+09:30] [hw_GBFlash.py:75] LoadFirmwareVersion(): Querying firmware version
[2026-04-23T19:44:35+09:30] [hw_GBFlash.py:137] CheckActive(): Checking if device is active
[2026-04-23T19:44:36+09:30] [LK_Device.py:485] _read(): Error: Received only 0 of 1 byte(s) (ResetLEDs(), line 307)
[2026-04-23T19:44:36+09:30] [LK_Device.py:486] _read(): Timeout value: 1
[2026-04-23T19:44:36+09:30] [LK_Device.py:487] _read(): Traceback:
   File "/usr/bin/flashgbx", line 33, in <module>
    sys.exit(load_entry_point('FlashGBX==4.6', 'console_scripts', 'flashgbx')())
  File "/usr/lib/python3.14/site-packages/FlashGBX/FlashGBX.py", line 217, in main
    app.run()
  File "/usr/lib/python3.14/site-packages/FlashGBX/FlashGBX_GUI.py", line 3649, in run
    qt_app.exec()
  File "/usr/lib/python3.14/site-packages/FlashGBX/FlashGBX_GUI.py", line 310, in <lambda>
    QtCore.QTimer.singleShot(1, lambda: [ self.UpdateCheck(), self.FindDevices(port=args["argparsed"].device_port, firstRun=True) ])
  File "/usr/lib/python3.14/site-packages/FlashGBX/FlashGBX_GUI.py", line 969, in FindDevices
    dev.Close()
  File "/usr/lib/python3.14/site-packages/FlashGBX/hw_GBxCartRW.py", line 323, in Close
    self.ResetLEDs()
  File "/usr/lib/python3.14/site-packages/FlashGBX/hw_GBxCartRW.py", line 307, in ResetLEDs
    self._read(1)

[2026-04-23T19:44:36+09:30] [hw_GBxCartRW.py:185] CheckActive(): Checking if device is active
[2026-04-23T19:44:36+09:30] [LK_Device.py:502] _get_fw_variable(): Getting firmware variable CART_MODE
[2026-04-23T19:44:38+09:30] [LK_Device.py:485] _read(): Error: Received only 2 of 4 byte(s) (_get_fw_variable(), line 518)
[2026-04-23T19:44:38+09:30] [LK_Device.py:486] _read(): Timeout value: 1
[2026-04-23T19:44:38+09:30] [LK_Device.py:487] _read(): Traceback:
   File "/usr/bin/flashgbx", line 33, in <module>
    sys.exit(load_entry_point('FlashGBX==4.6', 'console_scripts', 'flashgbx')())
  File "/usr/lib/python3.14/site-packages/FlashGBX/FlashGBX.py", line 217, in main
    app.run()
  File "/usr/lib/python3.14/site-packages/FlashGBX/FlashGBX_GUI.py", line 3649, in run
    qt_app.exec()
  File "/usr/lib/python3.14/site-packages/FlashGBX/FlashGBX_GUI.py", line 310, in <lambda>
    QtCore.QTimer.singleShot(1, lambda: [ self.UpdateCheck(), self.FindDevices(port=args["argparsed"].device_port, firstRun=True) ])
  File "/usr/lib/python3.14/site-packages/FlashGBX/FlashGBX_GUI.py", line 969, in FindDevices
    dev.Close()
  File "/usr/lib/python3.14/site-packages/FlashGBX/hw_GBxCartRW.py", line 326, in Close
    return super().Close(cartPowerOff)
  File "/usr/lib/python3.14/site-packages/FlashGBX/LK_Device.py", line 333, in Close
    if self.IsConnected():
  File "/usr/lib/python3.14/site-packages/FlashGBX/LK_Device.py", line 320, in IsConnected
    return self.CheckActive()
  File "/usr/lib/python3.14/site-packages/FlashGBX/hw_GBxCartRW.py", line 197, in CheckActive
    self._get_fw_variable("CART_MODE")
  File "/usr/lib/python3.14/site-packages/FlashGBX/LK_Device.py", line 518, in _get_fw_variable
    temp = self._read(4)

[2026-04-23T19:44:38+09:30] [LK_Device.py:522] _get_fw_variable(): Communication error: False
[2026-04-23T19:44:38+09:30] [LK_Device.py:334] Close(): Disconnecting from the device
[2026-04-23T19:44:38+09:30] [LK_Device.py:395] wait_for_ack(): CANCEL_ARGS: {}
[2026-04-23T19:44:38+09:30] [LK_Device.py:407] wait_for_ack(): Communication error (Close(), line 343): 6
[2026-04-23T19:44:38+09:30] [LK_Device.py:408] wait_for_ack(): Traceback:
   File "/usr/bin/flashgbx", line 33, in <module>
    sys.exit(load_entry_point('FlashGBX==4.6', 'console_scripts', 'flashgbx')())
  File "/usr/lib/python3.14/site-packages/FlashGBX/FlashGBX.py", line 217, in main
    app.run()
  File "/usr/lib/python3.14/site-packages/FlashGBX/FlashGBX_GUI.py", line 3649, in run
    qt_app.exec()
  File "/usr/lib/python3.14/site-packages/FlashGBX/FlashGBX_GUI.py", line 310, in <lambda>
    QtCore.QTimer.singleShot(1, lambda: [ self.UpdateCheck(), self.FindDevices(port=args["argparsed"].device_port, firstRun=True) ])
  File "/usr/lib/python3.14/site-packages/FlashGBX/FlashGBX_GUI.py", line 969, in FindDevices
    dev.Close()
  File "/usr/lib/python3.14/site-packages/FlashGBX/hw_GBxCartRW.py", line 326, in Close
    return super().Close(cartPowerOff)
  File "/usr/lib/python3.14/site-packages/FlashGBX/LK_Device.py", line 343, in Close
    self._write(self.DEVICE_CMD["SET_VOLTAGE_3_3V"], wait=self.FW["fw_ver"] >= 12)
  File "/usr/lib/python3.14/site-packages/FlashGBX/LK_Device.py", line 466, in _write
    if wait: return self.wait_for_ack()

[2026-04-23T19:44:38+09:30] [LK_Device.py:243] TryConnect(): Trying to connect to /dev/ttyUSB0 at baud rate 1000000 (FlashGBX.hw_GBxCartRW)
[2026-04-23T19:44:38+09:30] [hw_GBxCartRW.py:93] LoadFirmwareVersion(): Querying firmware version
[2026-04-23T19:44:38+09:30] [LK_Device.py:243] TryConnect(): Trying to connect to /dev/ttyUSB0 at baud rate 1500000 (FlashGBX.hw_GBxCartRW)
[2026-04-23T19:44:38+09:30] [hw_GBxCartRW.py:93] LoadFirmwareVersion(): Querying firmware version
[2026-04-23T19:44:38+09:30] [hw_GBxCartRW.py:58] Initialize(): Found a GBxCart RW
[2026-04-23T19:44:38+09:30] [hw_GBxCartRW.py:59] Initialize(): Firmware information: {'cfw_id': 'L', 'fw_ver': 14, 'pcb_ver': 6, 'fw_ts': 1747991884, 'fw_dt': '2025-05-23T18:48:04+09:30', 'ofw_ver': 42, 'pcb_name': 'GBxCart RW', 'cart_power_ctrl': True, 'bootloader_reset': False}
[2026-04-23T19:44:38+09:30] [hw_GBxCartRW.py:60] Initialize(): Baud rate: 1500000
[2026-04-23T19:44:38+09:30] [LK_Device.py:869] SetAutoPowerOff(): Setting automatic power off time value to 350
[2026-04-23T19:44:38+09:30] [LK_Device.py:527] _set_fw_variable(): Setting firmware variable AUTO_POWEROFF_TIME to 0x15E
[2026-04-23T19:44:38+09:30] [LK_Device.py:527] _set_fw_variable(): Setting firmware variable AUTO_POWEROFF_ENABLED to 0x1
[2026-04-23T19:44:38+09:30] [LK_Device.py:261] SetDMGReadMethod(): Setting DMG Read Method to 1
[2026-04-23T19:44:38+09:30] [LK_Device.py:527] _set_fw_variable(): Setting firmware variable DMG_READ_METHOD to 0x1
[2026-04-23T19:44:38+09:30] [LK_Device.py:268] SetAGBReadMethod(): Setting AGB Read Method to 2
[2026-04-23T19:44:38+09:30] [LK_Device.py:527] _set_fw_variable(): Setting firmware variable AGB_READ_METHOD to 0x2
[2026-04-23T19:44:38+09:30] [LK_Device.py:527] _set_fw_variable(): Setting firmware variable DMG_READ_METHOD to 0x1
[2026-04-23T19:44:38+09:30] [LK_Device.py:527] _set_fw_variable(): Setting firmware variable CART_MODE to 0x1
[2026-04-23T19:44:38+09:30] [LK_Device.py:527] _set_fw_variable(): Setting firmware variable ADDRESS to 0x0
[2026-04-23T19:44:38+09:30] [LK_Device.py:527] _set_fw_variable(): Setting firmware variable DMG_READ_CS_PULSE to 0x0
[2026-04-23T19:44:38+09:30] [LK_Device.py:527] _set_fw_variable(): Setting firmware variable DMG_WRITE_CS_PULSE to 0x0
[2026-04-23T19:44:38+09:30] [LK_Device.py:1461] ReadROM(): Reading 0x180 bytes from cartridge ROM at 0x0 in 6 iteration(s)
[2026-04-23T19:44:38+09:30] [LK_Device.py:527] _set_fw_variable(): Setting firmware variable TRANSFER_SIZE to 0x40
[2026-04-23T19:44:38+09:30] [LK_Device.py:527] _set_fw_variable(): Setting firmware variable ADDRESS to 0x0
[2026-04-23T19:44:38+09:30] [LK_Device.py:527] _set_fw_variable(): Setting firmware variable DMG_ACCESS_MODE to 0x1
[2026-04-23T19:44:38+09:30] [LK_Device.py:578] _cart_write(): Writing to cartridge: 0x0 = 0xFF (args: False, False)
[2026-04-23T19:44:38+09:30] [LK_Device.py:1461] ReadROM(): Reading 0x280 bytes from cartridge ROM at 0x0 in 10 iteration(s)
[2026-04-23T19:44:38+09:30] [LK_Device.py:527] _set_fw_variable(): Setting firmware variable TRANSFER_SIZE to 0x40
[2026-04-23T19:44:38+09:30] [LK_Device.py:527] _set_fw_variable(): Setting firmware variable ADDRESS to 0x0
[2026-04-23T19:44:38+09:30] [LK_Device.py:527] _set_fw_variable(): Setting firmware variable DMG_ACCESS_MODE to 0x1
[2026-04-23T19:44:38+09:30] [LK_Device.py:1098] ReadInfo(): Header data: {'empty': True, 'empty_nocart': True, 'logo_correct': False, 'cgb': 0, 'sgb': 0, 'old_lic': 0, 'game_title_raw': '\x00\x00\x00\x00\x00\x00\x00\x00\x00\x00\x00\x00\x00\x00\x00\x00', 'game_code': '', 'game_title': '', 'maker_code': '00', 'mapper_raw': 0, 'mapper': 'None', 'rom_size_raw': 0, 'rom_size': '32 KiB', 'ram_size_raw': 0, 'ram_size': 'None', 'header_sha1': '4fe93eeebc5593fe2e231a3986ce86c95c1100dd', 'version': 0, 'header_checksum': 0, 'header_checksum_calc': 231, 'header_checksum_correct': False, 'rom_checksum': 0, 'rom_checksum_calc': 0, 'rom_checksum_correct': True, 'db': None, 'has_rtc': False, 'rtc_dict': {}, 'rtc_string': 'Not available'}
[2026-04-23T19:44:38+09:30] [LK_Device.py:1461] ReadROM(): Reading 0x40 bytes from cartridge ROM at 0x80 in 1 iteration(s)
[2026-04-23T19:44:38+09:30] [LK_Device.py:527] _set_fw_variable(): Setting firmware variable TRANSFER_SIZE to 0x40
[2026-04-23T19:44:38+09:30] [LK_Device.py:527] _set_fw_variable(): Setting firmware variable ADDRESS to 0x80
[2026-04-23T19:44:38+09:30] [LK_Device.py:527] _set_fw_variable(): Setting firmware variable DMG_ACCESS_MODE to 0x1
[2026-04-23T19:44:38+09:30] [LK_Device.py:1461] ReadROM(): Reading 0x40 bytes from cartridge ROM at 0x80 in 1 iteration(s)
[2026-04-23T19:44:38+09:30] [LK_Device.py:527] _set_fw_variable(): Setting firmware variable TRANSFER_SIZE to 0x40
[2026-04-23T19:44:38+09:30] [LK_Device.py:527] _set_fw_variable(): Setting firmware variable ADDRESS to 0x80
[2026-04-23T19:44:38+09:30] [LK_Device.py:527] _set_fw_variable(): Setting firmware variable DMG_ACCESS_MODE to 0x1
[2026-04-23T19:44:42+09:30] [hw_GBxCartRW.py:185] CheckActive(): Checking if device is active
[2026-04-23T19:44:42+09:30] [LK_Device.py:502] _get_fw_variable(): Getting firmware variable CART_MODE
[2026-04-23T19:44:42+09:30] [LK_Device.py:502] _get_fw_variable(): Getting firmware variable CART_MODE
[2026-04-23T19:44:46+09:30] [hw_GBxCartRW.py:185] CheckActive(): Checking if device is active
[2026-04-23T19:44:46+09:30] [LK_Device.py:502] _get_fw_variable(): Getting firmware variable CART_MODE
[2026-04-23T19:44:46+09:30] [LK_Device.py:502] _get_fw_variable(): Getting firmware variable CART_MODE
[2026-04-23T19:44:46+09:30] [LK_Device.py:527] _set_fw_variable(): Setting firmware variable AGB_READ_METHOD to 0x2
[2026-04-23T19:44:46+09:30] [LK_Device.py:527] _set_fw_variable(): Setting firmware variable CART_MODE to 0x2
[2026-04-23T19:44:46+09:30] [LK_Device.py:527] _set_fw_variable(): Setting firmware variable AGB_IRQ_ENABLED to 0x0
[2026-04-23T19:44:46+09:30] [LK_Device.py:527] _set_fw_variable(): Setting firmware variable ADDRESS to 0x0
[2026-04-23T19:44:46+09:30] [LK_Device.py:746] CartPowerOn(): Turning on the cartridge power
[2026-04-23T19:44:46+09:30] [LK_Device.py:785] CartPowerOn(): Executing AGB Bootup Sequence
[2026-04-23T19:44:47+09:30] [LK_Device.py:578] _cart_write(): Writing to cartridge: 0x0 = 0xFF (args: False, False)
[2026-04-23T19:44:47+09:30] [LK_Device.py:1461] ReadROM(): Reading 0x180 bytes from cartridge ROM at 0x0 in 6 iteration(s)
[2026-04-23T19:44:47+09:30] [LK_Device.py:527] _set_fw_variable(): Setting firmware variable TRANSFER_SIZE to 0x40
[2026-04-23T19:44:47+09:30] [LK_Device.py:527] _set_fw_variable(): Setting firmware variable ADDRESS to 0x0
[2026-04-23T19:44:47+09:30] [LK_Device.py:1461] ReadROM(): Reading 0x40 bytes from cartridge ROM at 0x100A0 in 1 iteration(s)
[2026-04-23T19:44:47+09:30] [LK_Device.py:527] _set_fw_variable(): Setting firmware variable TRANSFER_SIZE to 0x40
[2026-04-23T19:44:47+09:30] [LK_Device.py:527] _set_fw_variable(): Setting firmware variable ADDRESS to 0x8050
[2026-04-23T19:44:47+09:30] [LK_Device.py:1461] ReadROM(): Reading 0x40 bytes from cartridge ROM at 0x200A0 in 1 iteration(s)
[2026-04-23T19:44:47+09:30] [LK_Device.py:527] _set_fw_variable(): Setting firmware variable TRANSFER_SIZE to 0x40
[2026-04-23T19:44:47+09:30] [LK_Device.py:527] _set_fw_variable(): Setting firmware variable ADDRESS to 0x10050
[2026-04-23T19:44:47+09:30] [LK_Device.py:1461] ReadROM(): Reading 0x40 bytes from cartridge ROM at 0x400A0 in 1 iteration(s)
[2026-04-23T19:44:47+09:30] [LK_Device.py:527] _set_fw_variable(): Setting firmware variable TRANSFER_SIZE to 0x40
[2026-04-23T19:44:47+09:30] [LK_Device.py:527] _set_fw_variable(): Setting firmware variable ADDRESS to 0x20050
[2026-04-23T19:44:47+09:30] [LK_Device.py:1461] ReadROM(): Reading 0x40 bytes from cartridge ROM at 0x800A0 in 1 iteration(s)
[2026-04-23T19:44:47+09:30] [LK_Device.py:527] _set_fw_variable(): Setting firmware variable TRANSFER_SIZE to 0x40
[2026-04-23T19:44:47+09:30] [LK_Device.py:527] _set_fw_variable(): Setting firmware variable ADDRESS to 0x40050
[2026-04-23T19:44:47+09:30] [LK_Device.py:1461] ReadROM(): Reading 0x40 bytes from cartridge ROM at 0x1000A0 in 1 iteration(s)
[2026-04-23T19:44:47+09:30] [LK_Device.py:527] _set_fw_variable(): Setting firmware variable TRANSFER_SIZE to 0x40
[2026-04-23T19:44:47+09:30] [LK_Device.py:527] _set_fw_variable(): Setting firmware variable ADDRESS to 0x80050
[2026-04-23T19:44:47+09:30] [LK_Device.py:1461] ReadROM(): Reading 0x40 bytes from cartridge ROM at 0x2000A0 in 1 iteration(s)
[2026-04-23T19:44:47+09:30] [LK_Device.py:527] _set_fw_variable(): Setting firmware variable TRANSFER_SIZE to 0x40
[2026-04-23T19:44:47+09:30] [LK_Device.py:527] _set_fw_variable(): Setting firmware variable ADDRESS to 0x100050
[2026-04-23T19:44:47+09:30] [LK_Device.py:1461] ReadROM(): Reading 0x40 bytes from cartridge ROM at 0x4000A0 in 1 iteration(s)
[2026-04-23T19:44:47+09:30] [LK_Device.py:527] _set_fw_variable(): Setting firmware variable TRANSFER_SIZE to 0x40
[2026-04-23T19:44:47+09:30] [LK_Device.py:527] _set_fw_variable(): Setting firmware variable ADDRESS to 0x200050
[2026-04-23T19:44:47+09:30] [LK_Device.py:1461] ReadROM(): Reading 0x40 bytes from cartridge ROM at 0x8000A0 in 1 iteration(s)
[2026-04-23T19:44:47+09:30] [LK_Device.py:527] _set_fw_variable(): Setting firmware variable TRANSFER_SIZE to 0x40
[2026-04-23T19:44:47+09:30] [LK_Device.py:527] _set_fw_variable(): Setting firmware variable ADDRESS to 0x400050
[2026-04-23T19:44:47+09:30] [LK_Device.py:1461] ReadROM(): Reading 0x40 bytes from cartridge ROM at 0x10000A0 in 1 iteration(s)
[2026-04-23T19:44:47+09:30] [LK_Device.py:527] _set_fw_variable(): Setting firmware variable TRANSFER_SIZE to 0x40
[2026-04-23T19:44:47+09:30] [LK_Device.py:527] _set_fw_variable(): Setting firmware variable ADDRESS to 0x800050
[2026-04-23T19:44:47+09:30] [LK_Device.py:1461] ReadROM(): Reading 0xC bytes from cartridge ROM at 0x1FFE000 in 1 iteration(s)
[2026-04-23T19:44:47+09:30] [LK_Device.py:527] _set_fw_variable(): Setting firmware variable TRANSFER_SIZE to 0xC
[2026-04-23T19:44:47+09:30] [LK_Device.py:527] _set_fw_variable(): Setting firmware variable ADDRESS to 0xFFF000
[2026-04-23T19:44:47+09:30] [Mapper.py:1686] HasRTC(): Status: 0b11111111
[2026-04-23T19:44:47+09:30] [Mapper.py:1688] HasRTC(): No RTC because of set RTC Status Register Power Flag: 1
[2026-04-23T19:44:47+09:30] [LK_Device.py:1098] ReadInfo(): Header data: {'empty_nocart': False, 'empty': False, 'logo_correct': True, 'logo': <PIL.Image.Image image mode=P size=104x16 at 0x7FA51A581370>, 'game_title_raw': 'POKEMON RUBY', 'game_title': 'POKEMON RUBY', 'game_code_raw': 'AXVJ', 'game_code': 'AXVJ', 'maker_code': '01', 'header_checksum': 60, 'header_checksum_calc': 60, 'header_checksum_correct': True, 'header_sha1': 'b0620ac64f9caef848057734ec969b22014d5804', 'version': 0, '96h_correct': True, 'rom_checksum_calc': 1811736714, 'rom_size_calc': 384, 'save_type': None, 'save_size': 0, 'vast_fame': False, 'dacs_8m': False, 'ereader': False, 'db': {'gn': 'Pocket Monsters - Ruby', 'ne': '(Japan)', 'gc': 'AGB-AXVJ', 'rc': 3471394586, 'rs': 8388608, 'st': 5, 'ss': 131072, 'lg': 'Ja', 'rg': 'Japan'}, '3d_memory': False, 'rom_size': 33554432, 'rtc_dict': {'string': 'Not available'}, 'rtc_string': 'Not available', 'has_rtc': False}
[2026-04-23T19:44:47+09:30] [LK_Device.py:1461] ReadROM(): Reading 0x40 bytes from cartridge ROM at 0x80 in 1 iteration(s)
[2026-04-23T19:44:47+09:30] [LK_Device.py:527] _set_fw_variable(): Setting firmware variable TRANSFER_SIZE to 0x40
[2026-04-23T19:44:47+09:30] [LK_Device.py:527] _set_fw_variable(): Setting firmware variable ADDRESS to 0x40
[2026-04-23T19:44:47+09:30] [LK_Device.py:1461] ReadROM(): Reading 0x40 bytes from cartridge ROM at 0x80 in 1 iteration(s)
[2026-04-23T19:44:47+09:30] [LK_Device.py:527] _set_fw_variable(): Setting firmware variable TRANSFER_SIZE to 0x40
[2026-04-23T19:44:47+09:30] [LK_Device.py:527] _set_fw_variable(): Setting firmware variable ADDRESS to 0x40
[2026-04-23T19:44:49+09:30] [Util.py:962] write_debug_log(): FlashGBX version: 4.6 (1769513530)
[2026-04-23T19:44:49+09:30] [Util.py:963] write_debug_log(): Platform: Linux-6.19.11-arch1-1-x86_64-with-glibc2.43
[2026-04-23T19:44:49+09:30] [Util.py:966] write_debug_log(): Connected device: GBxCart RW v1.4a/b/c – Firmware R42+L14 (2025-05-23T18:48:04+09:30) on /dev/ttyUSB0 at 1.5M baud
[2026-04-23T19:44:49+09:30] [Util.py:969] write_debug_log(): Now writing debug log file
[2026-04-23T19:44:57+09:30] [hw_GBxCartRW.py:185] CheckActive(): Checking if device is active
[2026-04-23T19:44:57+09:30] [LK_Device.py:502] _get_fw_variable(): Getting firmware variable CART_MODE
[2026-04-23T19:44:57+09:30] [LK_Device.py:502] _get_fw_variable(): Getting firmware variable CART_MODE
[2026-04-23T19:45:02+09:30] [hw_GBxCartRW.py:185] CheckActive(): Checking if device is active
[2026-04-23T19:45:02+09:30] [LK_Device.py:502] _get_fw_variable(): Getting firmware variable CART_MODE
[2026-04-23T19:45:02+09:30] [LK_Device.py:502] _get_fw_variable(): Getting firmware variable CART_MODE
[2026-04-23T19:45:02+09:30] [Util.py:102] SetValue(): Updating settings: LastDirSaveDataAGB = /home/joelle/Desktop
[2026-04-23T19:45:02+09:30] [LK_Device.py:746] CartPowerOn(): Turning on the cartridge power
[2026-04-23T19:45:02+09:30] [LK_Device.py:785] CartPowerOn(): Executing AGB Bootup Sequence
[2026-04-23T19:45:03+09:30] [LK_Device.py:578] _cart_write(): Writing to cartridge: 0x0 = 0xFF (args: False, False)
[2026-04-23T19:45:03+09:30] [LK_Device.py:502] _get_fw_variable(): Getting firmware variable AUTO_POWEROFF_ENABLED
[2026-04-23T19:45:03+09:30] [LK_Device.py:502] _get_fw_variable(): Getting firmware variable AUTO_POWEROFF_TIME
[2026-04-23T19:45:03+09:30] [LK_Device.py:527] _set_fw_variable(): Setting firmware variable AUTO_POWEROFF_TIME to 0x1388
[2026-04-23T19:45:03+09:30] [LK_Device.py:4737] TransferData(): args: {'path': '/home/joelle/Desktop/Pocket Monsters - Ruby (Japan).sav', 'mbc': 0, 'save_type': 5, 'rtc': False, 'verify_read': True, 'cart_type': 0, 'mode': 2, 'port': <FlashGBX.hw_GBxCartRW.GbxDevice object at 0x7fa503f9e660>}
[2026-04-23T19:45:03+09:30] [LK_Device.py:527] _set_fw_variable(): Setting firmware variable STATUS_REGISTER_MASK to 0x80
[2026-04-23T19:45:03+09:30] [LK_Device.py:527] _set_fw_variable(): Setting firmware variable STATUS_REGISTER_VALUE to 0x80
[2026-04-23T19:45:03+09:30] [LK_Device.py:1413] ReadFlashSaveID(): Checking Flash ID of Save Memory
[2026-04-23T19:45:03+09:30] [LK_Device.py:1528] ReadRAM(): Reading 0x10 bytes from cartridge RAM in 1 iteration(s)
[2026-04-23T19:45:03+09:30] [LK_Device.py:527] _set_fw_variable(): Setting firmware variable TRANSFER_SIZE to 0x10
[2026-04-23T19:45:03+09:30] [LK_Device.py:527] _set_fw_variable(): Setting firmware variable ADDRESS to 0x0
[2026-04-23T19:45:03+09:30] [LK_Device.py:631] _cart_write_flash(): Writing to cartridge: 0x4 = 0xFF (1 of 1)
[2026-04-23T19:45:03+09:30] [LK_Device.py:1528] ReadRAM(): Reading 0x10 bytes from cartridge RAM in 1 iteration(s)
[2026-04-23T19:45:03+09:30] [LK_Device.py:527] _set_fw_variable(): Setting firmware variable TRANSFER_SIZE to 0x10
[2026-04-23T19:45:03+09:30] [LK_Device.py:527] _set_fw_variable(): Setting firmware variable ADDRESS to 0x0
[2026-04-23T19:45:03+09:30] [LK_Device.py:631] _cart_write_flash(): Writing to cartridge: 0x4 = 0x0 (1 of 1)
[2026-04-23T19:45:03+09:30] [LK_Device.py:1528] ReadRAM(): Reading 0x1 bytes from cartridge RAM in 1 iteration(s)
[2026-04-23T19:45:03+09:30] [LK_Device.py:527] _set_fw_variable(): Setting firmware variable TRANSFER_SIZE to 0x1
[2026-04-23T19:45:03+09:30] [LK_Device.py:527] _set_fw_variable(): Setting firmware variable ADDRESS to 0x5555
[2026-04-23T19:45:03+09:30] [LK_Device.py:1528] ReadRAM(): Reading 0x1 bytes from cartridge RAM in 1 iteration(s)
[2026-04-23T19:45:03+09:30] [LK_Device.py:527] _set_fw_variable(): Setting firmware variable TRANSFER_SIZE to 0x1
[2026-04-23T19:45:03+09:30] [LK_Device.py:527] _set_fw_variable(): Setting firmware variable ADDRESS to 0x2AAA
[2026-04-23T19:45:03+09:30] [LK_Device.py:1528] ReadRAM(): Reading 0x1 bytes from cartridge RAM in 1 iteration(s)
[2026-04-23T19:45:03+09:30] [LK_Device.py:527] _set_fw_variable(): Setting firmware variable TRANSFER_SIZE to 0x1
[2026-04-23T19:45:03+09:30] [LK_Device.py:527] _set_fw_variable(): Setting firmware variable ADDRESS to 0x0
[2026-04-23T19:45:03+09:30] [LK_Device.py:631] _cart_write_flash(): Writing to cartridge: 0x5555 = 0xAA (1 of 3)
[2026-04-23T19:45:03+09:30] [LK_Device.py:631] _cart_write_flash(): Writing to cartridge: 0x2AAA = 0x55 (2 of 3)
[2026-04-23T19:45:03+09:30] [LK_Device.py:631] _cart_write_flash(): Writing to cartridge: 0x5555 = 0x90 (3 of 3)
[2026-04-23T19:45:03+09:30] [LK_Device.py:1528] ReadRAM(): Reading 0x2 bytes from cartridge RAM in 1 iteration(s)
[2026-04-23T19:45:03+09:30] [LK_Device.py:527] _set_fw_variable(): Setting firmware variable TRANSFER_SIZE to 0x2
[2026-04-23T19:45:03+09:30] [LK_Device.py:527] _set_fw_variable(): Setting firmware variable ADDRESS to 0x0
[2026-04-23T19:45:03+09:30] [LK_Device.py:631] _cart_write_flash(): Writing to cartridge: 0x5555 = 0xAA (1 of 3)
[2026-04-23T19:45:03+09:30] [LK_Device.py:631] _cart_write_flash(): Writing to cartridge: 0x2AAA = 0x55 (2 of 3)
[2026-04-23T19:45:03+09:30] [LK_Device.py:631] _cart_write_flash(): Writing to cartridge: 0x5555 = 0xF0 (3 of 3)
[2026-04-23T19:45:03+09:30] [LK_Device.py:631] _cart_write_flash(): Writing to cartridge: 0x0 = 0xF0 (1 of 1)
[2026-04-23T19:45:03+09:30] [LK_Device.py:1456] ReadFlashSaveID(): Macronix MX29L010
[2026-04-23T19:45:03+09:30] [LK_Device.py:3271] _BackupRestoreRAM(): Switching to FLASH bank 0
[2026-04-23T19:45:03+09:30] [LK_Device.py:631] _cart_write_flash(): Writing to cartridge: 0x5555 = 0xAA (1 of 4)
[2026-04-23T19:45:03+09:30] [LK_Device.py:631] _cart_write_flash(): Writing to cartridge: 0x2AAA = 0x55 (2 of 4)
[2026-04-23T19:45:03+09:30] [LK_Device.py:631] _cart_write_flash(): Writing to cartridge: 0x5555 = 0xB0 (3 of 4)
[2026-04-23T19:45:03+09:30] [LK_Device.py:631] _cart_write_flash(): Writing to cartridge: 0x0 = 0x0 (4 of 4)
[2026-04-23T19:45:03+09:30] [LK_Device.py:3284] _BackupRestoreRAM(): start_address=0x0, end_address=0x10000, buffer_len=0x1000, buffer_offset=0x0
[2026-04-23T19:45:03+09:30] [LK_Device.py:1528] ReadRAM(): Reading 0x1000 bytes from cartridge RAM in 64 iteration(s)
[2026-04-23T19:45:03+09:30] [LK_Device.py:527] _set_fw_variable(): Setting firmware variable TRANSFER_SIZE to 0x40
[2026-04-23T19:45:03+09:30] [LK_Device.py:527] _set_fw_variable(): Setting firmware variable ADDRESS to 0x0
[2026-04-23T19:45:03+09:30] [LK_Device.py:1528] ReadRAM(): Reading 0x1000 bytes from cartridge RAM in 64 iteration(s)
[2026-04-23T19:45:03+09:30] [LK_Device.py:527] _set_fw_variable(): Setting firmware variable TRANSFER_SIZE to 0x40
[2026-04-23T19:45:03+09:30] [LK_Device.py:527] _set_fw_variable(): Setting firmware variable ADDRESS to 0x0
[2026-04-23T19:45:03+09:30] [LK_Device.py:1528] ReadRAM(): Reading 0x1000 bytes from cartridge RAM in 64 iteration(s)
[2026-04-23T19:45:03+09:30] [LK_Device.py:527] _set_fw_variable(): Setting firmware variable TRANSFER_SIZE to 0x40
[2026-04-23T19:45:03+09:30] [LK_Device.py:527] _set_fw_variable(): Setting firmware variable ADDRESS to 0x1000
[2026-04-23T19:45:03+09:30] [LK_Device.py:1528] ReadRAM(): Reading 0x1000 bytes from cartridge RAM in 64 iteration(s)
[2026-04-23T19:45:03+09:30] [LK_Device.py:527] _set_fw_variable(): Setting firmware variable TRANSFER_SIZE to 0x40
[2026-04-23T19:45:03+09:30] [LK_Device.py:527] _set_fw_variable(): Setting firmware variable ADDRESS to 0x1000
[2026-04-23T19:45:04+09:30] [LK_Device.py:1528] ReadRAM(): Reading 0x1000 bytes from cartridge RAM in 64 iteration(s)
[2026-04-23T19:45:04+09:30] [LK_Device.py:527] _set_fw_variable(): Setting firmware variable TRANSFER_SIZE to 0x40
[2026-04-23T19:45:04+09:30] [LK_Device.py:527] _set_fw_variable(): Setting firmware variable ADDRESS to 0x2000
[2026-04-23T19:45:04+09:30] [LK_Device.py:1528] ReadRAM(): Reading 0x1000 bytes from cartridge RAM in 64 iteration(s)
[2026-04-23T19:45:04+09:30] [LK_Device.py:527] _set_fw_variable(): Setting firmware variable TRANSFER_SIZE to 0x40
[2026-04-23T19:45:04+09:30] [LK_Device.py:527] _set_fw_variable(): Setting firmware variable ADDRESS to 0x2000
[2026-04-23T19:45:04+09:30] [LK_Device.py:1528] ReadRAM(): Reading 0x1000 bytes from cartridge RAM in 64 iteration(s)
[2026-04-23T19:45:04+09:30] [LK_Device.py:527] _set_fw_variable(): Setting firmware variable TRANSFER_SIZE to 0x40
[2026-04-23T19:45:04+09:30] [LK_Device.py:527] _set_fw_variable(): Setting firmware variable ADDRESS to 0x3000
[2026-04-23T19:45:04+09:30] [LK_Device.py:1528] ReadRAM(): Reading 0x1000 bytes from cartridge RAM in 64 iteration(s)
[2026-04-23T19:45:04+09:30] [LK_Device.py:527] _set_fw_variable(): Setting firmware variable TRANSFER_SIZE to 0x40
[2026-04-23T19:45:04+09:30] [LK_Device.py:527] _set_fw_variable(): Setting firmware variable ADDRESS to 0x3000
[2026-04-23T19:45:04+09:30] [LK_Device.py:1528] ReadRAM(): Reading 0x1000 bytes from cartridge RAM in 64 iteration(s)
[2026-04-23T19:45:04+09:30] [LK_Device.py:527] _set_fw_variable(): Setting firmware variable TRANSFER_SIZE to 0x40
[2026-04-23T19:45:04+09:30] [LK_Device.py:527] _set_fw_variable(): Setting firmware variable ADDRESS to 0x4000
[2026-04-23T19:45:04+09:30] [LK_Device.py:1528] ReadRAM(): Reading 0x1000 bytes from cartridge RAM in 64 iteration(s)
[2026-04-23T19:45:04+09:30] [LK_Device.py:527] _set_fw_variable(): Setting firmware variable TRANSFER_SIZE to 0x40
[2026-04-23T19:45:04+09:30] [LK_Device.py:527] _set_fw_variable(): Setting firmware variable ADDRESS to 0x4000
[2026-04-23T19:45:04+09:30] [LK_Device.py:1528] ReadRAM(): Reading 0x1000 bytes from cartridge RAM in 64 iteration(s)
[2026-04-23T19:45:04+09:30] [LK_Device.py:527] _set_fw_variable(): Setting firmware variable TRANSFER_SIZE to 0x40
[2026-04-23T19:45:04+09:30] [LK_Device.py:527] _set_fw_variable(): Setting firmware variable ADDRESS to 0x5000
[2026-04-23T19:45:04+09:30] [LK_Device.py:1528] ReadRAM(): Reading 0x1000 bytes from cartridge RAM in 64 iteration(s)
[2026-04-23T19:45:04+09:30] [LK_Device.py:527] _set_fw_variable(): Setting firmware variable TRANSFER_SIZE to 0x40
[2026-04-23T19:45:04+09:30] [LK_Device.py:527] _set_fw_variable(): Setting firmware variable ADDRESS to 0x5000
[2026-04-23T19:45:05+09:30] [LK_Device.py:1528] ReadRAM(): Reading 0x1000 bytes from cartridge RAM in 64 iteration(s)
[2026-04-23T19:45:05+09:30] [LK_Device.py:527] _set_fw_variable(): Setting firmware variable TRANSFER_SIZE to 0x40
[2026-04-23T19:45:05+09:30] [LK_Device.py:527] _set_fw_variable(): Setting firmware variable ADDRESS to 0x6000
[2026-04-23T19:45:05+09:30] [LK_Device.py:1528] ReadRAM(): Reading 0x1000 bytes from cartridge RAM in 64 iteration(s)
[2026-04-23T19:45:05+09:30] [LK_Device.py:527] _set_fw_variable(): Setting firmware variable TRANSFER_SIZE to 0x40
[2026-04-23T19:45:05+09:30] [LK_Device.py:527] _set_fw_variable(): Setting firmware variable ADDRESS to 0x6000
[2026-04-23T19:45:05+09:30] [LK_Device.py:1528] ReadRAM(): Reading 0x1000 bytes from cartridge RAM in 64 iteration(s)
[2026-04-23T19:45:05+09:30] [LK_Device.py:527] _set_fw_variable(): Setting firmware variable TRANSFER_SIZE to 0x40
[2026-04-23T19:45:05+09:30] [LK_Device.py:527] _set_fw_variable(): Setting firmware variable ADDRESS to 0x7000
[2026-04-23T19:45:05+09:30] [LK_Device.py:1528] ReadRAM(): Reading 0x1000 bytes from cartridge RAM in 64 iteration(s)
[2026-04-23T19:45:05+09:30] [LK_Device.py:527] _set_fw_variable(): Setting firmware variable TRANSFER_SIZE to 0x40
[2026-04-23T19:45:05+09:30] [LK_Device.py:527] _set_fw_variable(): Setting firmware variable ADDRESS to 0x7000
[2026-04-23T19:45:05+09:30] [LK_Device.py:1528] ReadRAM(): Reading 0x1000 bytes from cartridge RAM in 64 iteration(s)
[2026-04-23T19:45:05+09:30] [LK_Device.py:527] _set_fw_variable(): Setting firmware variable TRANSFER_SIZE to 0x40
[2026-04-23T19:45:05+09:30] [LK_Device.py:527] _set_fw_variable(): Setting firmware variable ADDRESS to 0x8000
[2026-04-23T19:45:05+09:30] [LK_Device.py:1528] ReadRAM(): Reading 0x1000 bytes from cartridge RAM in 64 iteration(s)
[2026-04-23T19:45:05+09:30] [LK_Device.py:527] _set_fw_variable(): Setting firmware variable TRANSFER_SIZE to 0x40
[2026-04-23T19:45:05+09:30] [LK_Device.py:527] _set_fw_variable(): Setting firmware variable ADDRESS to 0x8000
[2026-04-23T19:45:06+09:30] [LK_Device.py:1528] ReadRAM(): Reading 0x1000 bytes from cartridge RAM in 64 iteration(s)
[2026-04-23T19:45:06+09:30] [LK_Device.py:527] _set_fw_variable(): Setting firmware variable TRANSFER_SIZE to 0x40
[2026-04-23T19:45:06+09:30] [LK_Device.py:527] _set_fw_variable(): Setting firmware variable ADDRESS to 0x9000
[2026-04-23T19:45:06+09:30] [LK_Device.py:1528] ReadRAM(): Reading 0x1000 bytes from cartridge RAM in 64 iteration(s)
[2026-04-23T19:45:06+09:30] [LK_Device.py:527] _set_fw_variable(): Setting firmware variable TRANSFER_SIZE to 0x40
[2026-04-23T19:45:06+09:30] [LK_Device.py:527] _set_fw_variable(): Setting firmware variable ADDRESS to 0x9000
[2026-04-23T19:45:06+09:30] [LK_Device.py:1528] ReadRAM(): Reading 0x1000 bytes from cartridge RAM in 64 iteration(s)
[2026-04-23T19:45:06+09:30] [LK_Device.py:527] _set_fw_variable(): Setting firmware variable TRANSFER_SIZE to 0x40
[2026-04-23T19:45:06+09:30] [LK_Device.py:527] _set_fw_variable(): Setting firmware variable ADDRESS to 0xA000
[2026-04-23T19:45:06+09:30] [LK_Device.py:1528] ReadRAM(): Reading 0x1000 bytes from cartridge RAM in 64 iteration(s)
[2026-04-23T19:45:06+09:30] [LK_Device.py:527] _set_fw_variable(): Setting firmware variable TRANSFER_SIZE to 0x40
[2026-04-23T19:45:06+09:30] [LK_Device.py:527] _set_fw_variable(): Setting firmware variable ADDRESS to 0xA000
[2026-04-23T19:45:06+09:30] [LK_Device.py:1528] ReadRAM(): Reading 0x1000 bytes from cartridge RAM in 64 iteration(s)
[2026-04-23T19:45:06+09:30] [LK_Device.py:527] _set_fw_variable(): Setting firmware variable TRANSFER_SIZE to 0x40
[2026-04-23T19:45:06+09:30] [LK_Device.py:527] _set_fw_variable(): Setting firmware variable ADDRESS to 0xB000
[2026-04-23T19:45:06+09:30] [LK_Device.py:1528] ReadRAM(): Reading 0x1000 bytes from cartridge RAM in 64 iteration(s)
[2026-04-23T19:45:06+09:30] [LK_Device.py:527] _set_fw_variable(): Setting firmware variable TRANSFER_SIZE to 0x40
[2026-04-23T19:45:06+09:30] [LK_Device.py:527] _set_fw_variable(): Setting firmware variable ADDRESS to 0xB000
[2026-04-23T19:45:06+09:30] [LK_Device.py:1528] ReadRAM(): Reading 0x1000 bytes from cartridge RAM in 64 iteration(s)
[2026-04-23T19:45:06+09:30] [LK_Device.py:527] _set_fw_variable(): Setting firmware variable TRANSFER_SIZE to 0x40
[2026-04-23T19:45:06+09:30] [LK_Device.py:527] _set_fw_variable(): Setting firmware variable ADDRESS to 0xC000
[2026-04-23T19:45:06+09:30] [LK_Device.py:1528] ReadRAM(): Reading 0x1000 bytes from cartridge RAM in 64 iteration(s)
[2026-04-23T19:45:06+09:30] [LK_Device.py:527] _set_fw_variable(): Setting firmware variable TRANSFER_SIZE to 0x40
[2026-04-23T19:45:06+09:30] [LK_Device.py:527] _set_fw_variable(): Setting firmware variable ADDRESS to 0xC000
[2026-04-23T19:45:07+09:30] [LK_Device.py:1528] ReadRAM(): Reading 0x1000 bytes from cartridge RAM in 64 iteration(s)
[2026-04-23T19:45:07+09:30] [LK_Device.py:527] _set_fw_variable(): Setting firmware variable TRANSFER_SIZE to 0x40
[2026-04-23T19:45:07+09:30] [LK_Device.py:527] _set_fw_variable(): Setting firmware variable ADDRESS to 0xD000
[2026-04-23T19:45:07+09:30] [LK_Device.py:1528] ReadRAM(): Reading 0x1000 bytes from cartridge RAM in 64 iteration(s)
[2026-04-23T19:45:07+09:30] [LK_Device.py:527] _set_fw_variable(): Setting firmware variable TRANSFER_SIZE to 0x40
[2026-04-23T19:45:07+09:30] [LK_Device.py:527] _set_fw_variable(): Setting firmware variable ADDRESS to 0xD000
[2026-04-23T19:45:07+09:30] [LK_Device.py:1528] ReadRAM(): Reading 0x1000 bytes from cartridge RAM in 64 iteration(s)
[2026-04-23T19:45:07+09:30] [LK_Device.py:527] _set_fw_variable(): Setting firmware variable TRANSFER_SIZE to 0x40
[2026-04-23T19:45:07+09:30] [LK_Device.py:527] _set_fw_variable(): Setting firmware variable ADDRESS to 0xE000
[2026-04-23T19:45:07+09:30] [LK_Device.py:1528] ReadRAM(): Reading 0x1000 bytes from cartridge RAM in 64 iteration(s)
[2026-04-23T19:45:07+09:30] [LK_Device.py:527] _set_fw_variable(): Setting firmware variable TRANSFER_SIZE to 0x40
[2026-04-23T19:45:07+09:30] [LK_Device.py:527] _set_fw_variable(): Setting firmware variable ADDRESS to 0xE000
[2026-04-23T19:45:07+09:30] [LK_Device.py:1528] ReadRAM(): Reading 0x1000 bytes from cartridge RAM in 64 iteration(s)
[2026-04-23T19:45:07+09:30] [LK_Device.py:527] _set_fw_variable(): Setting firmware variable TRANSFER_SIZE to 0x40
[2026-04-23T19:45:07+09:30] [LK_Device.py:527] _set_fw_variable(): Setting firmware variable ADDRESS to 0xF000
[2026-04-23T19:45:07+09:30] [LK_Device.py:1528] ReadRAM(): Reading 0x1000 bytes from cartridge RAM in 64 iteration(s)
[2026-04-23T19:45:07+09:30] [LK_Device.py:527] _set_fw_variable(): Setting firmware variable TRANSFER_SIZE to 0x40
[2026-04-23T19:45:07+09:30] [LK_Device.py:527] _set_fw_variable(): Setting firmware variable ADDRESS to 0xF000
[2026-04-23T19:45:07+09:30] [LK_Device.py:3271] _BackupRestoreRAM(): Switching to FLASH bank 1
[2026-04-23T19:45:07+09:30] [LK_Device.py:631] _cart_write_flash(): Writing to cartridge: 0x5555 = 0xAA (1 of 4)
[2026-04-23T19:45:07+09:30] [LK_Device.py:631] _cart_write_flash(): Writing to cartridge: 0x2AAA = 0x55 (2 of 4)
[2026-04-23T19:45:07+09:30] [LK_Device.py:631] _cart_write_flash(): Writing to cartridge: 0x5555 = 0xB0 (3 of 4)
[2026-04-23T19:45:07+09:30] [LK_Device.py:631] _cart_write_flash(): Writing to cartridge: 0x0 = 0x1 (4 of 4)
[2026-04-23T19:45:08+09:30] [LK_Device.py:3284] _BackupRestoreRAM(): start_address=0x0, end_address=0x10000, buffer_len=0x1000, buffer_offset=0x10000
[2026-04-23T19:45:08+09:30] [LK_Device.py:1528] ReadRAM(): Reading 0x1000 bytes from cartridge RAM in 64 iteration(s)
[2026-04-23T19:45:08+09:30] [LK_Device.py:527] _set_fw_variable(): Setting firmware variable TRANSFER_SIZE to 0x40
[2026-04-23T19:45:08+09:30] [LK_Device.py:527] _set_fw_variable(): Setting firmware variable ADDRESS to 0x0
[2026-04-23T19:45:08+09:30] [LK_Device.py:1528] ReadRAM(): Reading 0x1000 bytes from cartridge RAM in 64 iteration(s)
[2026-04-23T19:45:08+09:30] [LK_Device.py:527] _set_fw_variable(): Setting firmware variable TRANSFER_SIZE to 0x40
[2026-04-23T19:45:08+09:30] [LK_Device.py:527] _set_fw_variable(): Setting firmware variable ADDRESS to 0x0
[2026-04-23T19:45:08+09:30] [LK_Device.py:1528] ReadRAM(): Reading 0x1000 bytes from cartridge RAM in 64 iteration(s)
[2026-04-23T19:45:08+09:30] [LK_Device.py:527] _set_fw_variable(): Setting firmware variable TRANSFER_SIZE to 0x40
[2026-04-23T19:45:08+09:30] [LK_Device.py:527] _set_fw_variable(): Setting firmware variable ADDRESS to 0x1000
[2026-04-23T19:45:08+09:30] [LK_Device.py:1528] ReadRAM(): Reading 0x1000 bytes from cartridge RAM in 64 iteration(s)
[2026-04-23T19:45:08+09:30] [LK_Device.py:527] _set_fw_variable(): Setting firmware variable TRANSFER_SIZE to 0x40
[2026-04-23T19:45:08+09:30] [LK_Device.py:527] _set_fw_variable(): Setting firmware variable ADDRESS to 0x1000
[2026-04-23T19:45:08+09:30] [LK_Device.py:1528] ReadRAM(): Reading 0x1000 bytes from cartridge RAM in 64 iteration(s)
[2026-04-23T19:45:08+09:30] [LK_Device.py:527] _set_fw_variable(): Setting firmware variable TRANSFER_SIZE to 0x40
[2026-04-23T19:45:08+09:30] [LK_Device.py:527] _set_fw_variable(): Setting firmware variable ADDRESS to 0x2000
[2026-04-23T19:45:08+09:30] [LK_Device.py:1528] ReadRAM(): Reading 0x1000 bytes from cartridge RAM in 64 iteration(s)
[2026-04-23T19:45:08+09:30] [LK_Device.py:527] _set_fw_variable(): Setting firmware variable TRANSFER_SIZE to 0x40
[2026-04-23T19:45:08+09:30] [LK_Device.py:527] _set_fw_variable(): Setting firmware variable ADDRESS to 0x2000
[2026-04-23T19:45:08+09:30] [LK_Device.py:1528] ReadRAM(): Reading 0x1000 bytes from cartridge RAM in 64 iteration(s)
[2026-04-23T19:45:08+09:30] [LK_Device.py:527] _set_fw_variable(): Setting firmware variable TRANSFER_SIZE to 0x40
[2026-04-23T19:45:08+09:30] [LK_Device.py:527] _set_fw_variable(): Setting firmware variable ADDRESS to 0x3000
[2026-04-23T19:45:09+09:30] [LK_Device.py:1528] ReadRAM(): Reading 0x1000 bytes from cartridge RAM in 64 iteration(s)
[2026-04-23T19:45:09+09:30] [LK_Device.py:527] _set_fw_variable(): Setting firmware variable TRANSFER_SIZE to 0x40
[2026-04-23T19:45:09+09:30] [LK_Device.py:527] _set_fw_variable(): Setting firmware variable ADDRESS to 0x3000
[2026-04-23T19:45:09+09:30] [LK_Device.py:1528] ReadRAM(): Reading 0x1000 bytes from cartridge RAM in 64 iteration(s)
[2026-04-23T19:45:09+09:30] [LK_Device.py:527] _set_fw_variable(): Setting firmware variable TRANSFER_SIZE to 0x40
[2026-04-23T19:45:09+09:30] [LK_Device.py:527] _set_fw_variable(): Setting firmware variable ADDRESS to 0x4000
[2026-04-23T19:45:09+09:30] [LK_Device.py:1528] ReadRAM(): Reading 0x1000 bytes from cartridge RAM in 64 iteration(s)
[2026-04-23T19:45:09+09:30] [LK_Device.py:527] _set_fw_variable(): Setting firmware variable TRANSFER_SIZE to 0x40
[2026-04-23T19:45:09+09:30] [LK_Device.py:527] _set_fw_variable(): Setting firmware variable ADDRESS to 0x4000
[2026-04-23T19:45:09+09:30] [LK_Device.py:1528] ReadRAM(): Reading 0x1000 bytes from cartridge RAM in 64 iteration(s)
[2026-04-23T19:45:09+09:30] [LK_Device.py:527] _set_fw_variable(): Setting firmware variable TRANSFER_SIZE to 0x40
[2026-04-23T19:45:09+09:30] [LK_Device.py:527] _set_fw_variable(): Setting firmware variable ADDRESS to 0x5000
[2026-04-23T19:45:09+09:30] [LK_Device.py:1528] ReadRAM(): Reading 0x1000 bytes from cartridge RAM in 64 iteration(s)
[2026-04-23T19:45:09+09:30] [LK_Device.py:527] _set_fw_variable(): Setting firmware variable TRANSFER_SIZE to 0x40
[2026-04-23T19:45:09+09:30] [LK_Device.py:527] _set_fw_variable(): Setting firmware variable ADDRESS to 0x5000
[2026-04-23T19:45:09+09:30] [LK_Device.py:1528] ReadRAM(): Reading 0x1000 bytes from cartridge RAM in 64 iteration(s)
[2026-04-23T19:45:09+09:30] [LK_Device.py:527] _set_fw_variable(): Setting firmware variable TRANSFER_SIZE to 0x40
[2026-04-23T19:45:09+09:30] [LK_Device.py:527] _set_fw_variable(): Setting firmware variable ADDRESS to 0x6000
[2026-04-23T19:45:09+09:30] [LK_Device.py:1528] ReadRAM(): Reading 0x1000 bytes from cartridge RAM in 64 iteration(s)
[2026-04-23T19:45:09+09:30] [LK_Device.py:527] _set_fw_variable(): Setting firmware variable TRANSFER_SIZE to 0x40
[2026-04-23T19:45:09+09:30] [LK_Device.py:527] _set_fw_variable(): Setting firmware variable ADDRESS to 0x6000
[2026-04-23T19:45:09+09:30] [LK_Device.py:1528] ReadRAM(): Reading 0x1000 bytes from cartridge RAM in 64 iteration(s)
[2026-04-23T19:45:09+09:30] [LK_Device.py:527] _set_fw_variable(): Setting firmware variable TRANSFER_SIZE to 0x40
[2026-04-23T19:45:09+09:30] [LK_Device.py:527] _set_fw_variable(): Setting firmware variable ADDRESS to 0x7000
[2026-04-23T19:45:09+09:30] [LK_Device.py:1528] ReadRAM(): Reading 0x1000 bytes from cartridge RAM in 64 iteration(s)
[2026-04-23T19:45:09+09:30] [LK_Device.py:527] _set_fw_variable(): Setting firmware variable TRANSFER_SIZE to 0x40
[2026-04-23T19:45:09+09:30] [LK_Device.py:527] _set_fw_variable(): Setting firmware variable ADDRESS to 0x7000
[2026-04-23T19:45:09+09:30] [LK_Device.py:1528] ReadRAM(): Reading 0x1000 bytes from cartridge RAM in 64 iteration(s)
[2026-04-23T19:45:09+09:30] [LK_Device.py:527] _set_fw_variable(): Setting firmware variable TRANSFER_SIZE to 0x40
[2026-04-23T19:45:09+09:30] [LK_Device.py:527] _set_fw_variable(): Setting firmware variable ADDRESS to 0x8000
[2026-04-23T19:45:10+09:30] [LK_Device.py:1528] ReadRAM(): Reading 0x1000 bytes from cartridge RAM in 64 iteration(s)
[2026-04-23T19:45:10+09:30] [LK_Device.py:527] _set_fw_variable(): Setting firmware variable TRANSFER_SIZE to 0x40
[2026-04-23T19:45:10+09:30] [LK_Device.py:527] _set_fw_variable(): Setting firmware variable ADDRESS to 0x8000
[2026-04-23T19:45:10+09:30] [LK_Device.py:1528] ReadRAM(): Reading 0x1000 bytes from cartridge RAM in 64 iteration(s)
[2026-04-23T19:45:10+09:30] [LK_Device.py:527] _set_fw_variable(): Setting firmware variable TRANSFER_SIZE to 0x40
[2026-04-23T19:45:10+09:30] [LK_Device.py:527] _set_fw_variable(): Setting firmware variable ADDRESS to 0x9000
[2026-04-23T19:45:10+09:30] [LK_Device.py:1528] ReadRAM(): Reading 0x1000 bytes from cartridge RAM in 64 iteration(s)
[2026-04-23T19:45:10+09:30] [LK_Device.py:527] _set_fw_variable(): Setting firmware variable TRANSFER_SIZE to 0x40
[2026-04-23T19:45:10+09:30] [LK_Device.py:527] _set_fw_variable(): Setting firmware variable ADDRESS to 0x9000
[2026-04-23T19:45:10+09:30] [LK_Device.py:1528] ReadRAM(): Reading 0x1000 bytes from cartridge RAM in 64 iteration(s)
[2026-04-23T19:45:10+09:30] [LK_Device.py:527] _set_fw_variable(): Setting firmware variable TRANSFER_SIZE to 0x40
[2026-04-23T19:45:10+09:30] [LK_Device.py:527] _set_fw_variable(): Setting firmware variable ADDRESS to 0xA000
[2026-04-23T19:45:10+09:30] [LK_Device.py:1528] ReadRAM(): Reading 0x1000 bytes from cartridge RAM in 64 iteration(s)
[2026-04-23T19:45:10+09:30] [LK_Device.py:527] _set_fw_variable(): Setting firmware variable TRANSFER_SIZE to 0x40
[2026-04-23T19:45:10+09:30] [LK_Device.py:527] _set_fw_variable(): Setting firmware variable ADDRESS to 0xA000
[2026-04-23T19:45:10+09:30] [LK_Device.py:1528] ReadRAM(): Reading 0x1000 bytes from cartridge RAM in 64 iteration(s)
[2026-04-23T19:45:10+09:30] [LK_Device.py:527] _set_fw_variable(): Setting firmware variable TRANSFER_SIZE to 0x40
[2026-04-23T19:45:10+09:30] [LK_Device.py:527] _set_fw_variable(): Setting firmware variable ADDRESS to 0xB000
[2026-04-23T19:45:10+09:30] [LK_Device.py:1528] ReadRAM(): Reading 0x1000 bytes from cartridge RAM in 64 iteration(s)
[2026-04-23T19:45:10+09:30] [LK_Device.py:527] _set_fw_variable(): Setting firmware variable TRANSFER_SIZE to 0x40
[2026-04-23T19:45:10+09:30] [LK_Device.py:527] _set_fw_variable(): Setting firmware variable ADDRESS to 0xB000
[2026-04-23T19:45:10+09:30] [LK_Device.py:1528] ReadRAM(): Reading 0x1000 bytes from cartridge RAM in 64 iteration(s)
[2026-04-23T19:45:10+09:30] [LK_Device.py:527] _set_fw_variable(): Setting firmware variable TRANSFER_SIZE to 0x40
[2026-04-23T19:45:10+09:30] [LK_Device.py:527] _set_fw_variable(): Setting firmware variable ADDRESS to 0xC000
[2026-04-23T19:45:11+09:30] [LK_Device.py:1528] ReadRAM(): Reading 0x1000 bytes from cartridge RAM in 64 iteration(s)
[2026-04-23T19:45:11+09:30] [LK_Device.py:527] _set_fw_variable(): Setting firmware variable TRANSFER_SIZE to 0x40
[2026-04-23T19:45:11+09:30] [LK_Device.py:527] _set_fw_variable(): Setting firmware variable ADDRESS to 0xC000
[2026-04-23T19:45:11+09:30] [LK_Device.py:1528] ReadRAM(): Reading 0x1000 bytes from cartridge RAM in 64 iteration(s)
[2026-04-23T19:45:11+09:30] [LK_Device.py:527] _set_fw_variable(): Setting firmware variable TRANSFER_SIZE to 0x40
[2026-04-23T19:45:11+09:30] [LK_Device.py:527] _set_fw_variable(): Setting firmware variable ADDRESS to 0xD000
[2026-04-23T19:45:11+09:30] [LK_Device.py:1528] ReadRAM(): Reading 0x1000 bytes from cartridge RAM in 64 iteration(s)
[2026-04-23T19:45:11+09:30] [LK_Device.py:527] _set_fw_variable(): Setting firmware variable TRANSFER_SIZE to 0x40
[2026-04-23T19:45:11+09:30] [LK_Device.py:527] _set_fw_variable(): Setting firmware variable ADDRESS to 0xD000
[2026-04-23T19:45:11+09:30] [LK_Device.py:1528] ReadRAM(): Reading 0x1000 bytes from cartridge RAM in 64 iteration(s)
[2026-04-23T19:45:11+09:30] [LK_Device.py:527] _set_fw_variable(): Setting firmware variable TRANSFER_SIZE to 0x40
[2026-04-23T19:45:11+09:30] [LK_Device.py:527] _set_fw_variable(): Setting firmware variable ADDRESS to 0xE000
[2026-04-23T19:45:11+09:30] [LK_Device.py:1528] ReadRAM(): Reading 0x1000 bytes from cartridge RAM in 64 iteration(s)
[2026-04-23T19:45:11+09:30] [LK_Device.py:527] _set_fw_variable(): Setting firmware variable TRANSFER_SIZE to 0x40
[2026-04-23T19:45:11+09:30] [LK_Device.py:527] _set_fw_variable(): Setting firmware variable ADDRESS to 0xE000
[2026-04-23T19:45:11+09:30] [LK_Device.py:1528] ReadRAM(): Reading 0x1000 bytes from cartridge RAM in 64 iteration(s)
[2026-04-23T19:45:11+09:30] [LK_Device.py:527] _set_fw_variable(): Setting firmware variable TRANSFER_SIZE to 0x40
[2026-04-23T19:45:11+09:30] [LK_Device.py:527] _set_fw_variable(): Setting firmware variable ADDRESS to 0xF000
[2026-04-23T19:45:11+09:30] [LK_Device.py:1528] ReadRAM(): Reading 0x1000 bytes from cartridge RAM in 64 iteration(s)
[2026-04-23T19:45:11+09:30] [LK_Device.py:527] _set_fw_variable(): Setting firmware variable TRANSFER_SIZE to 0x40
[2026-04-23T19:45:11+09:30] [LK_Device.py:527] _set_fw_variable(): Setting firmware variable ADDRESS to 0xF000
[2026-04-23T19:45:11+09:30] [LK_Device.py:527] _set_fw_variable(): Setting firmware variable AUTO_POWEROFF_TIME to 0x15E
[2026-04-23T19:45:11+09:30] [hw_GBxCartRW.py:185] CheckActive(): Checking if device is active
[2026-04-23T19:45:11+09:30] [LK_Device.py:502] _get_fw_variable(): Getting firmware variable CART_MODE
[2026-04-23T19:45:11+09:30] [LK_Device.py:395] wait_for_ack(): CANCEL_ARGS: {}
[2026-04-23T19:45:11+09:30] [LK_Device.py:502] _get_fw_variable(): Getting firmware variable CART_MODE
[2026-04-23T19:45:11+09:30] [LK_Device.py:403] wait_for_ack(): Error reported (_try_write(), line 420): 2
[2026-04-23T19:45:11+09:30] [LK_Device.py:404] wait_for_ack(): Traceback:
   File "/usr/lib/python3.14/site-packages/FlashGBX/DataTransfer.py", line 38, in run
    self.CONFIG['port'].TransferData(self.CONFIG, self.updateProgress)
  File "/usr/lib/python3.14/site-packages/FlashGBX/LK_Device.py", line 4761, in TransferData
    self._set_fw_variable("AUTO_POWEROFF_TIME", _apot)
  File "/usr/lib/python3.14/site-packages/FlashGBX/LK_Device.py", line 546, in _set_fw_variable
    return self._try_write(buffer)
  File "/usr/lib/python3.14/site-packages/FlashGBX/LK_Device.py", line 420, in _try_write
    ack = self._write(data, wait=True)
  File "/usr/lib/python3.14/site-packages/FlashGBX/LK_Device.py", line 466, in _write
    if wait: return self.wait_for_ack()

[2026-04-23T19:45:11+09:30] [LK_Device.py:429] _try_write(): Retries left: 4
[2026-04-23T19:45:11+09:30] [LK_Device.py:439] _try_write(): Current response: 0 , HP: 19
[2026-04-23T19:45:11+09:30] [Util.py:992] exception_hook(): ⚠️ EXCEPTION OCCURED ⚠️
Traceback (most recent call last):
  File "/usr/lib/python3.14/site-packages/FlashGBX/Util.py", line 284, in SetProgress
    self.UPDATER(self.PROGRESS)
    ~~~~~~~~~~~~^^^^^^^^^^^^^^^
  File "/usr/lib/python3.14/site-packages/FlashGBX/FlashGBX_GUI.py", line 3423, in UpdateProgress
    self.FinishOperation()
    ~~~~~~~~~~~~~~~~~~~~^^
  File "/usr/lib/python3.14/site-packages/FlashGBX/FlashGBX_GUI.py", line 1188, in FinishOperation
    if self.CONN.GetMode() == "DMG" and self.CONN.INFO["mapper_raw"] == 252:
       ~~~~~~~~~~~~~~~~~^^
  File "/usr/lib/python3.14/site-packages/FlashGBX/LK_Device.py", line 824, in GetMode
    mode = self._get_fw_variable("CART_MODE")
  File "/usr/lib/python3.14/site-packages/FlashGBX/LK_Device.py", line 518, in _get_fw_variable
    temp = self._read(4)
  File "/usr/lib/python3.14/site-packages/FlashGBX/LK_Device.py", line 470, in _read
    buffer = self.DEVICE.read(count)
  File "/usr/lib/python3.14/site-packages/serial/serialposix.py", line 595, in read
    raise SerialException(
        'device reports readiness to read but returned no data '
        '(device disconnected or multiple access on port?)')
serial.serialutil.SerialException: device reports readiness to read but returned no data (device disconnected or multiple access on port?)

[2026-04-23T19:45:11+09:30] [Util.py:962] write_debug_log(): FlashGBX version: 4.6 (1769513530)
[2026-04-23T19:45:11+09:30] [Util.py:963] write_debug_log(): Platform: Linux-6.19.11-arch1-1-x86_64-with-glibc2.43
[2026-04-23T19:45:11+09:30] [Util.py:969] write_debug_log(): Now writing debug log file
[2026-04-23T19:45:11+09:30] [LK_Device.py:439] _try_write(): Current response: 2 , HP: 18
[2026-04-23T19:45:16+09:30] [Util.py:962] write_debug_log(): FlashGBX version: 4.6 (1769513530)
[2026-04-23T19:45:16+09:30] [Util.py:963] write_debug_log(): Platform: Linux-6.19.11-arch1-1-x86_64-with-glibc2.43
[2026-04-23T19:45:16+09:30] [Util.py:966] write_debug_log(): Connected device: GBxCart RW v1.4a/b/c – Firmware R42+L14 (2025-05-23T18:48:04+09:30) on /dev/ttyUSB0 at 1.5M baud
[2026-04-23T19:45:16+09:30] [Util.py:969] write_debug_log(): Now writing debug log file